[2024-08-12T22:45:01.334+0700][gc,init] CardTable entry size: 512
[2024-08-12T22:45:01.334+0700][gc     ] Using G1
[2024-08-12T22:45:01.351+0700][gc,init] Version: 21.0.4+7-Ubuntu-1ubuntu224.04 (release)
[2024-08-12T22:45:01.352+0700][gc,init] CPUs: 12 total, 12 available
[2024-08-12T22:45:01.352+0700][gc,init] Memory: 15227M
[2024-08-12T22:45:01.352+0700][gc,init] Large Page Support: Disabled
[2024-08-12T22:45:01.352+0700][gc,init] NUMA Support: Disabled
[2024-08-12T22:45:01.352+0700][gc,init] Compressed Oops: Enabled (32-bit)
[2024-08-12T22:45:01.352+0700][gc,init] Heap Region Size: 1M
[2024-08-12T22:45:01.352+0700][gc,init] Heap Min Capacity: 1G
[2024-08-12T22:45:01.352+0700][gc,init] Heap Initial Capacity: 1G
[2024-08-12T22:45:01.352+0700][gc,init] Heap Max Capacity: 1G
[2024-08-12T22:45:01.352+0700][gc,init] Pre-touch: Disabled
[2024-08-12T22:45:01.352+0700][gc,init] Parallel Workers: 10
[2024-08-12T22:45:01.352+0700][gc,init] Concurrent Workers: 3
[2024-08-12T22:45:01.352+0700][gc,init] Concurrent Refinement Workers: 10
[2024-08-12T22:45:01.352+0700][gc,init] Periodic GC: Disabled
[2024-08-12T22:45:01.364+0700][gc,metaspace] CDS archive(s) mapped at: [0x0000781c0f000000-0x0000781c0fcae000-0x0000781c0fcae000), size 13295616, SharedBaseAddress: 0x0000781c0f000000, ArchiveRelocationMode: 1.
[2024-08-12T22:45:01.364+0700][gc,metaspace] Compressed class space mapped at: 0x0000781c10000000-0x0000781c50000000, reserved size: 1073741824
[2024-08-12T22:45:01.364+0700][gc,metaspace] Narrow klass base: 0x0000781c0f000000, Narrow klass shift: 0, Narrow klass range: 0x100000000
[2024-08-12T22:45:02.571+0700][gc,start    ] GC(0) Pause Young (Normal) (G1 Evacuation Pause)
[2024-08-12T22:45:02.572+0700][gc,task     ] GC(0) Using 10 workers of 10 for evacuation
[2024-08-12T22:45:02.574+0700][gc,phases   ] GC(0)   Pre Evacuate Collection Set: 0.1ms
[2024-08-12T22:45:02.574+0700][gc,phases   ] GC(0)   Merge Heap Roots: 0.1ms
[2024-08-12T22:45:02.574+0700][gc,phases   ] GC(0)   Evacuate Collection Set: 2.1ms
[2024-08-12T22:45:02.574+0700][gc,phases   ] GC(0)   Post Evacuate Collection Set: 0.4ms
[2024-08-12T22:45:02.574+0700][gc,phases   ] GC(0)   Other: 1.0ms
[2024-08-12T22:45:02.574+0700][gc,heap     ] GC(0) Eden regions: 51->0(44)
[2024-08-12T22:45:02.574+0700][gc,heap     ] GC(0) Survivor regions: 0->7(7)
[2024-08-12T22:45:02.574+0700][gc,heap     ] GC(0) Old regions: 2->3
[2024-08-12T22:45:02.574+0700][gc,heap     ] GC(0) Humongous regions: 0->0
[2024-08-12T22:45:02.574+0700][gc,metaspace] GC(0) Metaspace: 18056K(18304K)->18056K(18304K) NonClass: 15974K(16128K)->15974K(16128K) Class: 2081K(2176K)->2081K(2176K)
[2024-08-12T22:45:02.574+0700][gc          ] GC(0) Pause Young (Normal) (G1 Evacuation Pause) 52M->8M(1024M) 3.756ms
[2024-08-12T22:45:02.574+0700][gc,cpu      ] GC(0) User=0.02s Sys=0.01s Real=0.01s
[2024-08-12T22:45:02.708+0700][gc,start    ] GC(1) Pause Young (Concurrent Start) (Metadata GC Threshold)
[2024-08-12T22:45:02.708+0700][gc,task     ] GC(1) Using 10 workers of 10 for evacuation
[2024-08-12T22:45:02.710+0700][gc,phases   ] GC(1)   Pre Evacuate Collection Set: 0.2ms
[2024-08-12T22:45:02.710+0700][gc,phases   ] GC(1)   Merge Heap Roots: 0.0ms
[2024-08-12T22:45:02.710+0700][gc,phases   ] GC(1)   Evacuate Collection Set: 2.0ms
[2024-08-12T22:45:02.710+0700][gc,phases   ] GC(1)   Post Evacuate Collection Set: 0.2ms
[2024-08-12T22:45:02.710+0700][gc,phases   ] GC(1)   Other: 0.0ms
[2024-08-12T22:45:02.710+0700][gc,heap     ] GC(1) Eden regions: 14->0(49)
[2024-08-12T22:45:02.710+0700][gc,heap     ] GC(1) Survivor regions: 7->2(7)
[2024-08-12T22:45:02.710+0700][gc,heap     ] GC(1) Old regions: 3->11
[2024-08-12T22:45:02.710+0700][gc,heap     ] GC(1) Humongous regions: 0->0
[2024-08-12T22:45:02.711+0700][gc,metaspace] GC(1) Metaspace: 21304K(21504K)->21304K(21504K) NonClass: 18805K(18880K)->18805K(18880K) Class: 2498K(2624K)->2498K(2624K)
[2024-08-12T22:45:02.711+0700][gc          ] GC(1) Pause Young (Concurrent Start) (Metadata GC Threshold) 22M->10M(1024M) 2.578ms
[2024-08-12T22:45:02.711+0700][gc,cpu      ] GC(1) User=0.02s Sys=0.01s Real=0.00s
[2024-08-12T22:45:02.711+0700][gc          ] GC(2) Concurrent Mark Cycle
[2024-08-12T22:45:02.711+0700][gc,marking  ] GC(2) Concurrent Scan Root Regions
[2024-08-12T22:45:02.712+0700][gc,marking  ] GC(2) Concurrent Scan Root Regions 1.221ms
[2024-08-12T22:45:02.712+0700][gc,marking  ] GC(2) Concurrent Mark
[2024-08-12T22:45:02.712+0700][gc,marking  ] GC(2) Concurrent Mark From Roots
[2024-08-12T22:45:02.712+0700][gc,task     ] GC(2) Using 3 workers of 3 for marking
[2024-08-12T22:45:02.713+0700][gc,marking  ] GC(2) Concurrent Mark From Roots 1.055ms
[2024-08-12T22:45:02.713+0700][gc,marking  ] GC(2) Concurrent Preclean
[2024-08-12T22:45:02.713+0700][gc,marking  ] GC(2) Concurrent Preclean 0.006ms
[2024-08-12T22:45:02.713+0700][gc,start    ] GC(2) Pause Remark
[2024-08-12T22:45:02.714+0700][gc          ] GC(2) Pause Remark 11M->11M(1024M) 1.289ms
[2024-08-12T22:45:02.714+0700][gc,cpu      ] GC(2) User=0.00s Sys=0.00s Real=0.00s
[2024-08-12T22:45:02.714+0700][gc,marking  ] GC(2) Concurrent Mark 2.643ms
[2024-08-12T22:45:02.714+0700][gc,marking  ] GC(2) Concurrent Rebuild Remembered Sets and Scrub Regions
[2024-08-12T22:45:02.715+0700][gc,marking  ] GC(2) Concurrent Rebuild Remembered Sets and Scrub Regions 0.795ms
[2024-08-12T22:45:02.715+0700][gc,start    ] GC(2) Pause Cleanup
[2024-08-12T22:45:02.715+0700][gc          ] GC(2) Pause Cleanup 11M->11M(1024M) 0.056ms
[2024-08-12T22:45:02.715+0700][gc,cpu      ] GC(2) User=0.01s Sys=0.00s Real=0.00s
[2024-08-12T22:45:02.715+0700][gc,marking  ] GC(2) Concurrent Clear Claimed Marks
[2024-08-12T22:45:02.715+0700][gc,marking  ] GC(2) Concurrent Clear Claimed Marks 0.006ms
[2024-08-12T22:45:02.715+0700][gc,marking  ] GC(2) Concurrent Cleanup for Next Mark
[2024-08-12T22:45:02.718+0700][gc,marking  ] GC(2) Concurrent Cleanup for Next Mark 2.658ms
[2024-08-12T22:45:02.718+0700][gc          ] GC(2) Concurrent Mark Cycle 7.618ms
[2024-08-12T22:45:03.196+0700][gc,start    ] GC(3) Pause Young (Prepare Mixed) (G1 Evacuation Pause)
[2024-08-12T22:45:03.196+0700][gc,task     ] GC(3) Using 10 workers of 10 for evacuation
[2024-08-12T22:45:03.198+0700][gc,phases   ] GC(3)   Pre Evacuate Collection Set: 0.1ms
[2024-08-12T22:45:03.199+0700][gc,phases   ] GC(3)   Merge Heap Roots: 0.0ms
[2024-08-12T22:45:03.199+0700][gc,phases   ] GC(3)   Evacuate Collection Set: 1.6ms
[2024-08-12T22:45:03.199+0700][gc,phases   ] GC(3)   Post Evacuate Collection Set: 0.2ms
[2024-08-12T22:45:03.199+0700][gc,phases   ] GC(3)   Other: 0.0ms
[2024-08-12T22:45:03.199+0700][gc,heap     ] GC(3) Eden regions: 49->0(44)
[2024-08-12T22:45:03.199+0700][gc,heap     ] GC(3) Survivor regions: 2->7(7)
[2024-08-12T22:45:03.199+0700][gc,heap     ] GC(3) Old regions: 11->11
[2024-08-12T22:45:03.199+0700][gc,heap     ] GC(3) Humongous regions: 129->129
[2024-08-12T22:45:03.199+0700][gc,metaspace] GC(3) Metaspace: 32910K(33216K)->32910K(33216K) NonClass: 29339K(29504K)->29339K(29504K) Class: 3571K(3712K)->3571K(3712K)
[2024-08-12T22:45:03.199+0700][gc          ] GC(3) Pause Young (Prepare Mixed) (G1 Evacuation Pause) 188M->144M(1024M) 2.128ms
[2024-08-12T22:45:03.199+0700][gc,cpu      ] GC(3) User=0.02s Sys=0.00s Real=0.00s
[2024-08-12T22:45:03.348+0700][gc,start    ] GC(4) Pause Young (Mixed) (Metadata GC Threshold)
[2024-08-12T22:45:03.348+0700][gc,task     ] GC(4) Using 10 workers of 10 for evacuation
[2024-08-12T22:45:03.350+0700][gc,phases   ] GC(4)   Pre Evacuate Collection Set: 0.2ms
[2024-08-12T22:45:03.350+0700][gc,phases   ] GC(4)   Merge Heap Roots: 0.1ms
[2024-08-12T22:45:03.350+0700][gc,phases   ] GC(4)   Evacuate Collection Set: 2.0ms
[2024-08-12T22:45:03.350+0700][gc,phases   ] GC(4)   Post Evacuate Collection Set: 0.5ms
[2024-08-12T22:45:03.350+0700][gc,phases   ] GC(4)   Other: 0.0ms
[2024-08-12T22:45:03.350+0700][gc,heap     ] GC(4) Eden regions: 13->0(49)
[2024-08-12T22:45:03.350+0700][gc,heap     ] GC(4) Survivor regions: 7->2(7)
[2024-08-12T22:45:03.350+0700][gc,heap     ] GC(4) Old regions: 11->16
[2024-08-12T22:45:03.350+0700][gc,heap     ] GC(4) Humongous regions: 129->129
[2024-08-12T22:45:03.350+0700][gc,metaspace] GC(4) Metaspace: 35833K(36096K)->35833K(36096K) NonClass: 31879K(32000K)->31879K(32000K) Class: 3953K(4096K)->3953K(4096K)
[2024-08-12T22:45:03.351+0700][gc          ] GC(4) Pause Young (Mixed) (Metadata GC Threshold) 156M->145M(1024M) 2.856ms
[2024-08-12T22:45:03.351+0700][gc,cpu      ] GC(4) User=0.02s Sys=0.01s Real=0.00s
[2024-08-12T22:45:03.363+0700][gc,start    ] GC(5) Pause Young (Concurrent Start) (Metadata GC Threshold)
[2024-08-12T22:45:03.363+0700][gc,task     ] GC(5) Using 10 workers of 10 for evacuation
[2024-08-12T22:45:03.364+0700][gc,phases   ] GC(5)   Pre Evacuate Collection Set: 0.2ms
[2024-08-12T22:45:03.364+0700][gc,phases   ] GC(5)   Merge Heap Roots: 0.0ms
[2024-08-12T22:45:03.364+0700][gc,phases   ] GC(5)   Evacuate Collection Set: 0.5ms
[2024-08-12T22:45:03.364+0700][gc,phases   ] GC(5)   Post Evacuate Collection Set: 0.2ms
[2024-08-12T22:45:03.364+0700][gc,phases   ] GC(5)   Other: 0.1ms
[2024-08-12T22:45:03.364+0700][gc,heap     ] GC(5) Eden regions: 2->0(50)
[2024-08-12T22:45:03.364+0700][gc,heap     ] GC(5) Survivor regions: 2->1(7)
[2024-08-12T22:45:03.364+0700][gc,heap     ] GC(5) Old regions: 16->16
[2024-08-12T22:45:03.364+0700][gc,heap     ] GC(5) Humongous regions: 129->129
[2024-08-12T22:45:03.364+0700][gc,metaspace] GC(5) Metaspace: 36145K(36416K)->36145K(36416K) NonClass: 32150K(32320K)->32150K(32320K) Class: 3995K(4096K)->3995K(4096K)
[2024-08-12T22:45:03.364+0700][gc          ] GC(5) Pause Young (Concurrent Start) (Metadata GC Threshold) 146M->145M(1024M) 1.095ms
[2024-08-12T22:45:03.364+0700][gc,cpu      ] GC(5) User=0.00s Sys=0.00s Real=0.00s
[2024-08-12T22:45:03.364+0700][gc          ] GC(6) Concurrent Mark Cycle
[2024-08-12T22:45:03.364+0700][gc,marking  ] GC(6) Concurrent Scan Root Regions
[2024-08-12T22:45:03.365+0700][gc,marking  ] GC(6) Concurrent Scan Root Regions 0.889ms
[2024-08-12T22:45:03.365+0700][gc,marking  ] GC(6) Concurrent Mark
[2024-08-12T22:45:03.365+0700][gc,marking  ] GC(6) Concurrent Mark From Roots
[2024-08-12T22:45:03.365+0700][gc,task     ] GC(6) Using 3 workers of 3 for marking
[2024-08-12T22:45:03.370+0700][gc,marking  ] GC(6) Concurrent Mark From Roots 5.070ms
[2024-08-12T22:45:03.370+0700][gc,marking  ] GC(6) Concurrent Preclean
[2024-08-12T22:45:03.371+0700][gc,marking  ] GC(6) Concurrent Preclean 0.039ms
[2024-08-12T22:45:03.371+0700][gc,start    ] GC(6) Pause Remark
[2024-08-12T22:45:03.372+0700][gc          ] GC(6) Pause Remark 145M->145M(1024M) 1.212ms
[2024-08-12T22:45:03.372+0700][gc,cpu      ] GC(6) User=0.01s Sys=0.00s Real=0.01s
[2024-08-12T22:45:03.372+0700][gc,marking  ] GC(6) Concurrent Mark 6.512ms
[2024-08-12T22:45:03.372+0700][gc,marking  ] GC(6) Concurrent Rebuild Remembered Sets and Scrub Regions
[2024-08-12T22:45:03.374+0700][gc,marking  ] GC(6) Concurrent Rebuild Remembered Sets and Scrub Regions 1.600ms
[2024-08-12T22:45:03.374+0700][gc,start    ] GC(6) Pause Cleanup
[2024-08-12T22:45:03.374+0700][gc          ] GC(6) Pause Cleanup 146M->146M(1024M) 0.110ms
[2024-08-12T22:45:03.374+0700][gc,cpu      ] GC(6) User=0.00s Sys=0.00s Real=0.00s
[2024-08-12T22:45:03.374+0700][gc,marking  ] GC(6) Concurrent Clear Claimed Marks
[2024-08-12T22:45:03.374+0700][gc,marking  ] GC(6) Concurrent Clear Claimed Marks 0.016ms
[2024-08-12T22:45:03.374+0700][gc,marking  ] GC(6) Concurrent Cleanup for Next Mark
[2024-08-12T22:45:03.374+0700][gc,marking  ] GC(6) Concurrent Cleanup for Next Mark 0.638ms
[2024-08-12T22:45:03.375+0700][gc          ] GC(6) Concurrent Mark Cycle 10.039ms
[2024-08-12T23:34:37.021+0700][gc,start    ] GC(7) Pause Young (Prepare Mixed) (G1 Evacuation Pause)
[2024-08-12T23:34:37.021+0700][gc,task     ] GC(7) Using 10 workers of 10 for evacuation
[2024-08-12T23:34:37.024+0700][gc,phases   ] GC(7)   Pre Evacuate Collection Set: 0.3ms
[2024-08-12T23:34:37.024+0700][gc,phases   ] GC(7)   Merge Heap Roots: 0.1ms
[2024-08-12T23:34:37.024+0700][gc,phases   ] GC(7)   Evacuate Collection Set: 1.9ms
[2024-08-12T23:34:37.024+0700][gc,phases   ] GC(7)   Post Evacuate Collection Set: 0.6ms
[2024-08-12T23:34:37.024+0700][gc,phases   ] GC(7)   Other: 0.1ms
[2024-08-12T23:34:37.024+0700][gc,heap     ] GC(7) Eden regions: 50->0(48)
[2024-08-12T23:34:37.024+0700][gc,heap     ] GC(7) Survivor regions: 1->3(7)
[2024-08-12T23:34:37.024+0700][gc,heap     ] GC(7) Old regions: 16->16
[2024-08-12T23:34:37.024+0700][gc,heap     ] GC(7) Humongous regions: 129->129
[2024-08-12T23:34:37.024+0700][gc,metaspace] GC(7) Metaspace: 40481K(41024K)->40481K(41024K) NonClass: 35765K(36096K)->35765K(36096K) Class: 4715K(4928K)->4715K(4928K)
[2024-08-12T23:34:37.024+0700][gc          ] GC(7) Pause Young (Prepare Mixed) (G1 Evacuation Pause) 195M->146M(1024M) 3.154ms
[2024-08-12T23:34:37.024+0700][gc,cpu      ] GC(7) User=0.02s Sys=0.00s Real=0.00s
