[2024-08-12T22:42:38.488+0700][gc,init] CardTable entry size: 512
[2024-08-12T22:42:38.488+0700][gc     ] Using G1
[2024-08-12T22:42:38.498+0700][gc,init] Version: 21.0.4+7-Ubuntu-1ubuntu224.04 (release)
[2024-08-12T22:42:38.498+0700][gc,init] CPUs: 12 total, 12 available
[2024-08-12T22:42:38.498+0700][gc,init] Memory: 15227M
[2024-08-12T22:42:38.498+0700][gc,init] Large Page Support: Disabled
[2024-08-12T22:42:38.498+0700][gc,init] NUMA Support: Disabled
[2024-08-12T22:42:38.498+0700][gc,init] Compressed Oops: Enabled (32-bit)
[2024-08-12T22:42:38.498+0700][gc,init] Heap Region Size: 1M
[2024-08-12T22:42:38.498+0700][gc,init] Heap Min Capacity: 512M
[2024-08-12T22:42:38.498+0700][gc,init] Heap Initial Capacity: 512M
[2024-08-12T22:42:38.498+0700][gc,init] Heap Max Capacity: 512M
[2024-08-12T22:42:38.498+0700][gc,init] Pre-touch: Disabled
[2024-08-12T22:42:38.498+0700][gc,init] Parallel Workers: 10
[2024-08-12T22:42:38.498+0700][gc,init] Concurrent Workers: 3
[2024-08-12T22:42:38.498+0700][gc,init] Concurrent Refinement Workers: 10
[2024-08-12T22:42:38.498+0700][gc,init] Periodic GC: Disabled
[2024-08-12T22:42:38.511+0700][gc,metaspace] CDS archive(s) mapped at: [0x00007cab5f000000-0x00007cab5fcae000-0x00007cab5fcae000), size 13295616, SharedBaseAddress: 0x00007cab5f000000, ArchiveRelocationMode: 1.
[2024-08-12T22:42:38.511+0700][gc,metaspace] Compressed class space mapped at: 0x00007cab60000000-0x00007caba0000000, reserved size: 1073741824
[2024-08-12T22:42:38.511+0700][gc,metaspace] Narrow klass base: 0x00007cab5f000000, Narrow klass shift: 0, Narrow klass range: 0x100000000
[2024-08-12T22:42:39.274+0700][gc,start    ] GC(0) Pause Young (Normal) (G1 Evacuation Pause)
[2024-08-12T22:42:39.276+0700][gc,task     ] GC(0) Using 10 workers of 10 for evacuation
[2024-08-12T22:42:39.280+0700][gc,phases   ] GC(0)   Pre Evacuate Collection Set: 0.1ms
[2024-08-12T22:42:39.280+0700][gc,phases   ] GC(0)   Merge Heap Roots: 0.1ms
[2024-08-12T22:42:39.280+0700][gc,phases   ] GC(0)   Evacuate Collection Set: 3.3ms
[2024-08-12T22:42:39.280+0700][gc,phases   ] GC(0)   Post Evacuate Collection Set: 0.4ms
[2024-08-12T22:42:39.280+0700][gc,phases   ] GC(0)   Other: 1.6ms
[2024-08-12T22:42:39.280+0700][gc,heap     ] GC(0) Eden regions: 25->0(21)
[2024-08-12T22:42:39.280+0700][gc,heap     ] GC(0) Survivor regions: 0->4(4)
[2024-08-12T22:42:39.280+0700][gc,heap     ] GC(0) Old regions: 2->6
[2024-08-12T22:42:39.280+0700][gc,heap     ] GC(0) Humongous regions: 0->0
[2024-08-12T22:42:39.280+0700][gc,metaspace] GC(0) Metaspace: 8258K(8448K)->8258K(8448K) NonClass: 7392K(7488K)->7392K(7488K) Class: 866K(960K)->866K(960K)
[2024-08-12T22:42:39.280+0700][gc          ] GC(0) Pause Young (Normal) (G1 Evacuation Pause) 26M->8M(512M) 5.896ms
[2024-08-12T22:42:39.280+0700][gc,cpu      ] GC(0) User=0.02s Sys=0.02s Real=0.00s
